ASxxxx Linker V03.00/V05.40 + sdld,  page 1.
Hexadecimal  [32-Bits]

Area                                    Addr        Size        Decimal Bytes (Attributes)
--------------------------------        ----        ----        ------- ----- ------------
CABS                                00000000    00000000 =           0. bytes (ABS,CON,CODE)

      Value  Global                              Global Defined In Module
      -----  --------------------------------   ------------------------
C:   00000000  l_BIT_BANK                      
C:   00000000  l_CABS                          
C:   00000000  l_GSINIT                        
C:   00000000  l_GSINIT1                       
C:   00000000  l_GSINIT5                       
C:   00000000  l_IABS                          
C:   00000000  l_ISEG                          
C:   00000000  l_PSEG                          
C:   00000000  l_REG_BANK_1                    
C:   00000000  l_REG_BANK_2                    
C:   00000000  l_REG_BANK_3                    
C:   00000000  l_RSEG                          
C:   00000000  l_RSEG0                         
C:   00000000  l_RSEG1                         
C:   00000000  l_XABS                          
C:   00000000  l_XINIT                         
C:   00000000  l_XISEG                         
C:   00000000  l__CODE                         
C:   00000000  s_BSEG                          
C:   00000000  s_CABS                          
C:   00000000  s_DSEG                          
C:   00000000  s_HOME                          
C:   00000000  s_IABS                          
C:   00000000  s_ISEG                          
C:   00000000  s_REG_BANK_0                    
C:   00000000  s_RSEG                          
C:   00000000  s_RSEG0                         
C:   00000000  s_RSEG1                         
C:   00000000  s_XABS                          
C:   00000001  l_BSEG                          
C:   00000001  l_BSEG_BYTES                    
C:   00000001  s_PSEG                          
C:   00000001  s_XSEG                          
C:   00000003  l_GSFINAL                       
C:   00000003  l_GSINIT0                       
C:   00000004  l_OSEG                          
C:   00000006  l_HOME                          
C:   00000006  s_GSINIT0                       
C:   00000008  l_REG_BANK_0                    
C:   00000008  s_REG_BANK_1                    
C:   00000009  s_GSINIT1                       
C:   00000009  s_GSINIT2                       
C:   0000000A  l_GSINIT2                       
C:   00000010  s_REG_BANK_2                    
C:   00000013  s_GSINIT3                       
C:   00000018  s_BIT_BANK                      
C:   00000018  s_REG_BANK_3                    
C:   00000019  s_OSEG                          
C:   00000020  s_BSEG_BYTES                    
C:   00000020  s__CODE                         
ASxxxx Linker V03.00/V05.40 + sdld,  page 2.
Hexadecimal  [32-Bits]

Area                                    Addr        Size        Decimal Bytes (Attributes)
--------------------------------        ----        ----        ------- ----- ------------
CABS                                00000000    00000000 =           0. bytes (ABS,CON,CODE)

      Value  Global                              Global Defined In Module
      -----  --------------------------------   ------------------------
C:   00000021  s_SSEG                          
C:   00000022  l_GSINIT3                       
C:   0000002A  l_GSINIT4                       
C:   00000035  s_GSINIT4                       
C:   00000041  l_XSEG                          
C:   00000042  s_XISEG                         
C:   0000005F  s_GSFINAL                       
C:   0000005F  s_GSINIT                        
C:   0000005F  s_GSINIT5                       
C:   00000062  s_CSEG                          
C:   0000007D  l_DSEG                          
C:   000000DF  l_SSEG                          
C:   00000100  l_IRAM                          
C:   00000166  l_CONST                         
C:   00001315  l_CSEG                          
C:   00001377  s_CONST                         
C:   000014DD  s_XINIT                         

ASxxxx Linker V03.00/V05.40 + sdld,  page 3.
Hexadecimal  [32-Bits]

Area                                    Addr        Size        Decimal Bytes (Attributes)
--------------------------------        ----        ----        ------- ----- ------------
.  .ABS.                            00000000    00000000 =           0. bytes (ABS,CON)

      Value  Global                              Global Defined In Module
      -----  --------------------------------   ------------------------
     00000000  .__.ABS.                           _startup
     00000080  _P0                                main
     00000088  _TCON                              main
     00000089  _TMOD                              main
     0000008A  _TL0                               main
     0000008C  _TH0                               main
     0000008C  _TR0                               main
     0000008D  _TF0                               main
     0000008E  _AUXR                              main
     0000008E  _P_SW2                             main
     00000090  _P1                                main
     00000093  _P1M1                              main
     00000094  _P1M0                              main
     0000009D  _CLKSEL                            main
     000000A0  _P2                                main
     000000A0  __XPAGE                            
     000000B0  _P3                                main
     000000B0  _PIN_BUTTON                        main
     000000B1  _P3M1                              main
     000000B1  _PIN_R1_10K                        main
     000000B2  _P3M0                              main
     000000C0  _P4                                main
     000000C4  _PIN_R3_1K                         main
     000000C8  _P5                                main
     000000C9  _P5M1                              main
     000000CA  _P5M0                              main
     000000F5  _B_5                               _gptrget
     000000F6  _B_6                               _gptrget
     000000F7  _B_7                               _gptrget

ASxxxx Linker V03.00/V05.40 + sdld,  page 4.
Hexadecimal  [32-Bits]

Area                                    Addr        Size        Decimal Bytes (Attributes)
--------------------------------        ----        ----        ------- ----- ------------
BSEG_BYTES                          00000020    00000001 =           1. bytes (REL,CON)

      Value  Global                              Global Defined In Module
      -----  --------------------------------   ------------------------
ASxxxx Linker V03.00/V05.40 + sdld,  page 5.
Hexadecimal  [32-Bits]

Area                                    Addr        Size        Decimal Bytes (Attributes)
--------------------------------        ----        ----        ------- ----- ------------
REG_BANK_0                          00000000    00000008 =           8. bytes (REL,OVR)

      Value  Global                              Global Defined In Module
      -----  --------------------------------   ------------------------
ASxxxx Linker V03.00/V05.40 + sdld,  page 6.
Hexadecimal  [32-Bits]

Area                                    Addr        Size        Decimal Bytes (Attributes)
--------------------------------        ----        ----        ------- ----- ------------
DSEG                                00000000    0000007D =         125. bytes (REL,CON)

      Value  Global                              Global Defined In Module
      -----  --------------------------------   ------------------------
ASxxxx Linker V03.00/V05.40 + sdld,  page 7.
Hexadecimal  [32-Bits]

Area                                    Addr        Size        Decimal Bytes (Attributes)
--------------------------------        ----        ----        ------- ----- ------------
OSEG                                00000019    00000004 =           4. bytes (REL,OVR)

      Value  Global                              Global Defined In Module
      -----  --------------------------------   ------------------------
ASxxxx Linker V03.00/V05.40 + sdld,  page 8.
Hexadecimal  [32-Bits]

Area                                    Addr        Size        Decimal Bytes (Attributes)
--------------------------------        ----        ----        ------- ----- ------------
SSEG                                00000021    000000DF =         223. bytes (REL,OVR)

      Value  Global                              Global Defined In Module
      -----  --------------------------------   ------------------------
     00000021  __start__stack                     main

ASxxxx Linker V03.00/V05.40 + sdld,  page 9.
Hexadecimal  [32-Bits]

Area                                    Addr        Size        Decimal Bytes (Attributes)
--------------------------------        ----        ----        ------- ----- ------------
XSEG                                00000001    00000041 =          65. bytes (REL,CON,XDATA)

      Value  Global                              Global Defined In Module
      -----  --------------------------------   ------------------------
D:   00000008  _SSD1306_SetCursor_PARM_2          main
D:   0000000A  _SSD1306_WriteChar_PARM_2          main
D:   0000000B  _SSD1306_WriteChar_PARM_3          main
D:   0000000E  _SSD1306_PrintString_PARM_2        main
D:   0000000F  _SSD1306_PrintString_PARM_3        main
D:   00000013  _SSD1306_DisplayResult_PARM_2      main
D:   00000014  _SSD1306_DisplayResult_PARM_3      main
D:   00000018  _SSD1306_DisplayResult_PARM_4      main
D:   0000002C  __modulong_PARM_2                  _modulong
D:   00000035  __divulong_PARM_2                  _divulong

ASxxxx Linker V03.00/V05.40 + sdld,  page 10.
Hexadecimal  [32-Bits]

Area                                    Addr        Size        Decimal Bytes (Attributes)
--------------------------------        ----        ----        ------- ----- ------------
HOME                                00000000    00000006 =           6. bytes (REL,CON,CODE)

      Value  Global                              Global Defined In Module
      -----  --------------------------------   ------------------------
C:   00000003  __sdcc_program_startup             main

ASxxxx Linker V03.00/V05.40 + sdld,  page 11.
Hexadecimal  [32-Bits]

Area                                    Addr        Size        Decimal Bytes (Attributes)
--------------------------------        ----        ----        ------- ----- ------------
GSINIT0                             00000006    00000003 =           3. bytes (REL,CON,CODE)

      Value  Global                              Global Defined In Module
      -----  --------------------------------   ------------------------
C:   00000006  __sdcc_gsinit_startup              

ASxxxx Linker V03.00/V05.40 + sdld,  page 12.
Hexadecimal  [32-Bits]

Area                                    Addr        Size        Decimal Bytes (Attributes)
--------------------------------        ----        ----        ------- ----- ------------
GSINIT2                             00000009    0000000A =          10. bytes (REL,CON,CODE)

      Value  Global                              Global Defined In Module
      -----  --------------------------------   ------------------------
ASxxxx Linker V03.00/V05.40 + sdld,  page 13.
Hexadecimal  [32-Bits]

Area                                    Addr        Size        Decimal Bytes (Attributes)
--------------------------------        ----        ----        ------- ----- ------------
GSINIT3                             00000013    00000022 =          34. bytes (REL,CON,CODE)

      Value  Global                              Global Defined In Module
      -----  --------------------------------   ------------------------
C:   00000013  __mcs51_genXINIT                   

ASxxxx Linker V03.00/V05.40 + sdld,  page 14.
Hexadecimal  [32-Bits]

Area                                    Addr        Size        Decimal Bytes (Attributes)
--------------------------------        ----        ----        ------- ----- ------------
GSINIT4                             00000035    0000002A =          42. bytes (REL,CON,CODE)

      Value  Global                              Global Defined In Module
      -----  --------------------------------   ------------------------
C:   00000035  __mcs51_genRAMCLEAR                
C:   0000003B  __mcs51_genXRAMCLEAR               

ASxxxx Linker V03.00/V05.40 + sdld,  page 15.
Hexadecimal  [32-Bits]

Area                                    Addr        Size        Decimal Bytes (Attributes)
--------------------------------        ----        ----        ------- ----- ------------
GSFINAL                             0000005F    00000003 =           3. bytes (REL,CON,CODE)

      Value  Global                              Global Defined In Module
      -----  --------------------------------   ------------------------
ASxxxx Linker V03.00/V05.40 + sdld,  page 16.
Hexadecimal  [32-Bits]

Area                                    Addr        Size        Decimal Bytes (Attributes)
--------------------------------        ----        ----        ------- ----- ------------
CSEG                                00000062    00001315 =        4885. bytes (REL,CON,CODE)

      Value  Global                              Global Defined In Module
      -----  --------------------------------   ------------------------
C:   00000062  _Delay_ms                          main
C:   000000BB  _I2C_Delay                         main
C:   000000CC  _SCL_HIGH                          main
C:   000000D6  _SCL_LOW                           main
C:   000000E0  _SDA_HIGH                          main
C:   000000EA  _SDA_LOW                           main
C:   000000F4  _I2C_Start                         main
C:   00000109  _I2C_Stop                          main
C:   00000118  _I2C_Write_Byte                    main
C:   00000166  _SSD1306_Command                   main
C:   00000187  _SSD1306_Init                      main
C:   0000023B  _SSD1306_Clear                     main
C:   0000028A  _SSD1306_SetCursor                 main
C:   000002C7  _SSD1306_WriteChar                 main
C:   000003B1  _SSD1306_PrintString               main
C:   00000406  _SSD1306_DisplayResult             main
C:   00000827  _Measure_Single                    main
C:   000008FE  _main                              main
C:   00000E4B  ___fssub                           _fssub
C:   00000E56  __modulong                         _modulong
C:   00000F95  ___fsmul                           _fsmul
C:   00001038  fsgetargs                          _fsget2args
C:   00001066  __divulong                         _divulong
C:   0000115A  fs_normalize_a                     _fsnormalize
C:   0000118D  ___ulong2fs                        _ulong2fs
C:   00001196  ulong2fs_doit                      _ulong2fs
C:   000011A0  ___fs2ulong                        _fs2ulong
C:   000011A2  fs2ulong_begin                     _fs2ulong
C:   000011C7  fsgetarg                           _fsget1arg
C:   000011D9  ___fslt                            _fslt
C:   00001209  ___fsadd                           _fsadd
C:   0000120C  fsadd_direct_entry                 _fsadd
C:   00001262  fs_compare_uint32                  _fscmp
C:   00001280  fs_check_negative_zeros            _fscmp
C:   000012AB  fs_round_and_return                _fsreturnval
C:   000012C3  fs_zerocheck_return                _fsreturnval
C:   000012CC  fs_return_zero                     _fsreturnval
C:   000012D4  fs_direct_return                   _fsreturnval
C:   000012E2  fs_return_inf                      _fsreturnval
C:   000012EF  fs_return_nan                      _fsreturnval
C:   000012FA  fs_swap_a_b                        _fsswapargs
C:   00001314  __gptrget                          _gptrget
C:   00001330  fs_rshift_a                        _fsrshift
C:   00001373  ___sdcc_external_startup           _startup

ASxxxx Linker V03.00/V05.40 + sdld,  page 17.
Hexadecimal  [32-Bits]

Area                                    Addr        Size        Decimal Bytes (Attributes)
--------------------------------        ----        ----        ------- ----- ------------
CONST                               00001377    00000166 =         358. bytes (REL,CON,CODE)

      Value  Global                              Global Defined In Module
      -----  --------------------------------   ------------------------
C:   00001377  _Font_8x8                          main

ASxxxx Linker V03.00/V05.40 + sdld,  page 18.

Files Linked                              [ module(s) ]

obj\Release\main.rel                      [  ]


Libraries Linked                          [ object file ]

C:\Users\Cociska\.platformio\packages\toolchain-sdcc\bin\..\lib\large/libfloat.lib
                                          [ _fssub.rel ]
C:\Users\Cociska\.platformio\packages\toolchain-sdcc\bin\..\lib\large/liblong.lib
                                          [ _modulong.rel ]
C:\Users\Cociska\.platformio\packages\toolchain-sdcc\bin\..\lib\large/libfloat.lib
                                          [ _fsmul.rel ]
C:\Users\Cociska\.platformio\packages\toolchain-sdcc\bin\..\lib\large/libfloat.lib
                                          [ _fsget2args.rel ]
C:\Users\Cociska\.platformio\packages\toolchain-sdcc\bin\..\lib\large/liblong.lib
                                          [ _divulong.rel ]
C:\Users\Cociska\.platformio\packages\toolchain-sdcc\bin\..\lib\large/mcs51.lib
                                          [ crtclear.rel ]
C:\Users\Cociska\.platformio\packages\toolchain-sdcc\bin\..\lib\large/libfloat.lib
                                          [ _fsnormalize.rel ]
C:\Users\Cociska\.platformio\packages\toolchain-sdcc\bin\..\lib\large/mcs51.lib
                                          [ crtxinit.rel ]
C:\Users\Cociska\.platformio\packages\toolchain-sdcc\bin\..\lib\large/libfloat.lib
                                          [ _ulong2fs.rel ]
C:\Users\Cociska\.platformio\packages\toolchain-sdcc\bin\..\lib\large/libfloat.lib
                                          [ _fs2ulong.rel ]
C:\Users\Cociska\.platformio\packages\toolchain-sdcc\bin\..\lib\large/libfloat.lib
                                          [ _fsget1arg.rel ]
C:\Users\Cociska\.platformio\packages\toolchain-sdcc\bin\..\lib\large/libfloat.lib
                                          [ _fslt.rel ]
C:\Users\Cociska\.platformio\packages\toolchain-sdcc\bin\..\lib\large/mcs51.lib
                                          [ crtxclear.rel ]
C:\Users\Cociska\.platformio\packages\toolchain-sdcc\bin\..\lib\large/libfloat.lib
                                          [ _fsadd.rel ]
C:\Users\Cociska\.platformio\packages\toolchain-sdcc\bin\..\lib\large/libfloat.lib
                                          [ _fscmp.rel ]
C:\Users\Cociska\.platformio\packages\toolchain-sdcc\bin\..\lib\large/libfloat.lib
                                          [ _fsreturnval.rel ]
C:\Users\Cociska\.platformio\packages\toolchain-sdcc\bin\..\lib\large/mcs51.lib
                                          [ crtpagesfr.rel ]
C:\Users\Cociska\.platformio\packages\toolchain-sdcc\bin\..\lib\large/libfloat.lib
                                          [ _fsswapargs.rel ]
C:\Users\Cociska\.platformio\packages\toolchain-sdcc\bin\..\lib\large/mcs51.lib
                                          [ crtstart.rel ]
C:\Users\Cociska\.platformio\packages\toolchain-sdcc\bin\..\lib\large/libsdcc.lib
                                          [ _gptrget.rel ]
C:\Users\Cociska\.platformio\packages\toolchain-sdcc\bin\..\lib\large/libfloat.lib
                                          [ _fsrshift.rel ]
C:\Users\Cociska\.platformio\packages\toolchain-sdcc\bin\..\lib\large/libsdcc.lib
                                          [ _startup.rel ]

ASxxxx Linker V03.00/V05.40 + sdld,  page 19.

User Base Address Definitions

HOME = 0x0000
XSEG = 0x0001
PSEG = 0x0001
ISEG = 0x0000
BSEG = 0x0000

